prova tabs^Ia caso
a capo^I^Itabs^I
^I

ptova ancora tabs^Iciao