     1	prova tabs	a caso$
     2	a capo		tabs	$
     3		$
     4	$
     5	ptova ancora tabs	ciao