     1	prova tabs^Ia caso
     2	a capo^I^Itabs^I
     3	^I
     4	
     5	ptova ancora tabs^Iciao